<?xml version="1.0" encoding="UTF-8"?>
<TestRun id="013e914e-2faa-42be-856b-67b2c866a21b" name="james@JIMMYJACK-WIN7 2011-04-11 08:40:14" runUser="jimmyjack-win7\james" xmlns="http://microsoft.com/schemas/VisualStudio/TeamTest/2010">
  <TestSettings name="Local" id="0cefce0f-e564-40df-9974-0c03d3106ea5">
    <Description>These are default test settings for a local test run.</Description>
    <Deployment enabled="false" runDeploymentRoot="james_JIMMYJACK-WIN7 2011-04-11 08_40_14">
      <DeploymentItem filename="C:\projects\unit-testing\CodeSlice.UnitTesting\CodeSlice.UnitTesting.Model\bin\Debug\CodeSlice.UnitTesting.Model.dll" />
    </Deployment>
    <Execution>
      <TestTypeSpecific />
      <AgentRule name="Execution Agents">
      </AgentRule>
    </Execution>
  </TestSettings>
  <Times creation="2011-04-11T08:40:14.2373046+01:00" queuing="2011-04-11T08:40:16.3115234+01:00" start="2011-04-11T08:40:16.5615234+01:00" finish="2011-04-11T08:40:17.4052734+01:00" />
  <ResultSummary outcome="Completed">
    <Counters total="1" executed="1" passed="1" error="0" failed="0" timeout="0" aborted="0" inconclusive="0" passedButRunAborted="0" notRunnable="0" notExecuted="0" disconnected="0" warning="0" completed="0" inProgress="0" pending="0" />
  </ResultSummary>
  <TestDefinitions>
    <UnitTest name="TagNameNormalisationTest" storage="c:\projects\unit-testing\codeslice.unittesting\codeslice.unittesting.mstest\bin\debug\codeslice.unittesting.mstest.dll" id="a8906718-7a9f-62c8-74f5-c76c9dbbc252">
      <Execution id="36c956a0-2deb-4225-88b0-762c1f5031b2" />
      <TestMethod codeBase="C:/projects/unit-testing/CodeSlice.UnitTesting/CodeSlice.UnitTesting.MSTest/bin/Debug/CodeSlice.UnitTesting.MSTest.DLL" adapterTypeName="Microsoft.VisualStudio.TestTools.TestTypes.Unit.UnitTestAdapter, Microsoft.VisualStudio.QualityTools.Tips.UnitTest.Adapter, Version=10.0.0.0, Culture=neutral, PublicKeyToken=b03f5f7f11d50a3a" className="CodeSlice.UnitTesting.NUnit.TagTest, CodeSlice.UnitTesting.MSTest, Version=1.0.0.0, Culture=neutral, PublicKeyToken=null" name="TagNameNormalisationTest" />
    </UnitTest>
  </TestDefinitions>
  <TestLists>
    <TestList name="Results Not in a List" id="8c84fa94-04c1-424b-9868-57a2d4851a1d" />
    <TestList name="All Loaded Results" id="19431567-8539-422a-85d7-44ee4e166bda" />
  </TestLists>
  <TestEntries>
    <TestEntry testId="a8906718-7a9f-62c8-74f5-c76c9dbbc252" executionId="36c956a0-2deb-4225-88b0-762c1f5031b2" testListId="8c84fa94-04c1-424b-9868-57a2d4851a1d" />
  </TestEntries>
  <Results>
    <UnitTestResult executionId="36c956a0-2deb-4225-88b0-762c1f5031b2" testId="a8906718-7a9f-62c8-74f5-c76c9dbbc252" testName="TagNameNormalisationTest" computerName="JIMMYJACK-WIN7" duration="00:00:00.0168256" startTime="2011-04-11T08:40:16.7802734+01:00" endTime="2011-04-11T08:40:17.2802734+01:00" testType="13cdc9d9-ddb5-4fa4-a97d-d965ccfc6d4b" outcome="Passed" testListId="8c84fa94-04c1-424b-9868-57a2d4851a1d" relativeResultsDirectory="36c956a0-2deb-4225-88b0-762c1f5031b2">
    </UnitTestResult>
  </Results>
</TestRun>